Copyright 1986-2018 Xilinx, Inc. All Rights Reserved.
--------------------------------------------------------------------------------------------
| Tool Version : Vivado v.2018.1 (lin64) Build 2188600 Wed Apr  4 18:39:19 MDT 2018
| Date         : Sat May  5 11:44:14 2018
| Host         : ubuntu running 64-bit Ubuntu 16.04.4 LTS
| Command      : report_control_sets -verbose -file Board_Nexys4DDR_control_sets_placed.rpt
| Design       : Board_Nexys4DDR
| Device       : xc7a100t
--------------------------------------------------------------------------------------------

Control Set Information

Table of Contents
-----------------
1. Summary
2. Histogram
3. Flip-Flop Distribution
4. Detailed Control Set Information

1. Summary
----------

+----------------------------------------------------------+-------+
|                          Status                          | Count |
+----------------------------------------------------------+-------+
| Number of unique control sets                            |    45 |
| Unused register locations in slices containing registers |    84 |
+----------------------------------------------------------+-------+


2. Histogram
------------

+--------+--------------+
| Fanout | Control Sets |
+--------+--------------+
|      2 |            1 |
|      4 |            3 |
|      5 |            9 |
|      8 |           10 |
|     11 |            1 |
|     12 |            4 |
|    16+ |           17 |
+--------+--------------+


3. Flip-Flop Distribution
-------------------------

+--------------+-----------------------+------------------------+-----------------+--------------+
| Clock Enable | Synchronous Set/Reset | Asynchronous Set/Reset | Total Registers | Total Slices |
+--------------+-----------------------+------------------------+-----------------+--------------+
| No           | No                    | No                     |              86 |           43 |
| No           | No                    | Yes                    |               2 |            1 |
| No           | Yes                   | No                     |             179 |           74 |
| Yes          | No                    | No                     |              33 |           10 |
| Yes          | No                    | Yes                    |               0 |            0 |
| Yes          | Yes                   | No                     |             328 |          123 |
+--------------+-----------------------+------------------------+-----------------+--------------+


4. Detailed Control Set Information
-----------------------------------

+-----------------+----------------------------------------------+------------------------------------------------------------+------------------+----------------+
|   Clock Signal  |                 Enable Signal                |                      Set/Reset Signal                      | Slice Load Count | Bel Load Count |
+-----------------+----------------------------------------------+------------------------------------------------------------+------------------+----------------+
|  makeClk/clkOut |                                              | makeClk/buffers_0_reg                                      |                1 |              2 |
|  makeClk/clkOut | core/coreArea_uartCtrl/rx/pkg_toStdLogic     | core/zz_2                                                  |                1 |              4 |
|  makeClk/clkOut | core/coreArea_uartCtrl/rx/bitCounter_value   |                                                            |                3 |              4 |
|  makeClk/clkOut | core/coreArea_intCtrl/irqMask[3]_i_1_n_0     | core/zz_2                                                  |                1 |              4 |
|  makeClk/clkOut | core/coreArea_ssd/zz_46[6]                   | core/zz_2                                                  |                2 |              5 |
|  makeClk/clkOut | core/coreArea_pButtons/timeOut_state         |                                                            |                1 |              5 |
|  makeClk/clkOut | core/coreArea_ssd/zz_46[7]                   | core/zz_2                                                  |                3 |              5 |
|  makeClk/clkOut | core/coreArea_ssd/zz_46[5]                   | core/zz_2                                                  |                4 |              5 |
|  makeClk/clkOut | core/coreArea_ssd/zz_46[4]                   | core/zz_2                                                  |                2 |              5 |
|  makeClk/clkOut | core/coreArea_ssd/zz_46[3]                   | core/zz_2                                                  |                2 |              5 |
|  makeClk/clkOut | core/coreArea_ssd/zz_46[2]                   | core/zz_2                                                  |                2 |              5 |
|  makeClk/clkOut | core/coreArea_ssd/zz_46[1]                   | core/zz_2                                                  |                2 |              5 |
|  makeClk/clkOut | core/coreArea_ssd/zz_46[0]                   | core/zz_2                                                  |                3 |              5 |
|  makeClk/clkOut | core/coreArea_ssd/zz_3                       | core/coreArea_ssd/ssdArea_selector                         |                3 |              8 |
|  makeClk/clkOut | core/coreArea_pmodA/dirReg[7]_i_1_n_0        | core/zz_2                                                  |                5 |              8 |
|  makeClk/clkOut | core/coreArea_pwm/zz_43[0]                   | core/zz_2                                                  |                4 |              8 |
|  makeClk/clkOut | core/coreArea_pwm/zz_43[1]                   | core/zz_2                                                  |                2 |              8 |
|  makeClk/clkOut | core/coreArea_pwm/zz_43[2]                   | core/zz_2                                                  |                2 |              8 |
|  makeClk/clkOut | core/coreArea_pwm/zz_43[3]                   | core/zz_2                                                  |                2 |              8 |
|  makeClk/clkOut | core/coreArea_pwm/zz_43[4]                   | core/zz_2                                                  |                2 |              8 |
|  makeClk/clkOut | core/coreArea_pwm/zz_43[5]                   | core/zz_2                                                  |                4 |              8 |
|  makeClk/clkOut | core/coreArea_ssd/mask_1[7]_i_1_n_0          | core/zz_2                                                  |                3 |              8 |
|  makeClk/clkOut | core/coreArea_pwm/zz_3                       |                                                            |                3 |              8 |
|  makeClk/clkOut |                                              | core/coreArea_pwm/zz_1[10]_i_1_n_0                         |                3 |             11 |
|  makeClk/clkOut | core/coreArea_intCtrl/zz_59[3]               | core/zz_2                                                  |                5 |             12 |
|  makeClk/clkOut | core/coreArea_intCtrl/zz_59[2]               | core/zz_2                                                  |                4 |             12 |
|  makeClk/clkOut | core/coreArea_intCtrl/zz_59[0]               | core/zz_2                                                  |                5 |             12 |
|  makeClk/clkOut | core/coreArea_intCtrl/zz_59[1]               | core/zz_2                                                  |                6 |             12 |
|  makeClk/clkOut | core/coreArea_timerB/cmp[31]_i_1_n_0         | core/zz_2                                                  |                5 |             16 |
|  makeClk/clkOut |                                              | core/coreArea_ssd/zz_1[0]_i_1__0_n_0                       |                4 |             16 |
|  makeClk/clkOut | core/coreArea_timerB/cmp[15]_i_1_n_0         | core/zz_2                                                  |                7 |             16 |
|  makeClk/clkOut | core/coreArea_timerA/cmp[31]_i_1__0_n_0      | core/zz_2                                                  |                6 |             16 |
|  makeClk/clkOut | core/streamFifo_3/ram_reg_0_7_0_5_i_1__0_n_0 |                                                            |                2 |             16 |
|  makeClk/clkOut | core/streamFifo_2/ram_reg_0_7_0_5_i_1_n_0    |                                                            |                2 |             16 |
|  makeClk/clkOut | core/coreArea_sSwitches/timeOut_state        |                                                            |                3 |             16 |
|  makeClk/clkOut | core/coreArea_timerA/cmp[15]_i_1__0_n_0      | core/zz_2                                                  |                7 |             16 |
|  makeClk/clkOut |                                              | core/coreArea_sSwitches/timeOut_counter_value[0]_i_1_n_0   |                5 |             17 |
|  makeClk/clkOut |                                              | core/coreArea_pButtons/timeOut_counter_value[0]_i_1__0_n_0 |                5 |             19 |
|  makeClk/clkOut | core/coreArea_cpu/mainMem/rStackWrite3_out   |                                                            |                3 |             24 |
|  makeClk/clkOut | core/coreArea_cpu/mainMem/dStackWrite        |                                                            |                3 |             24 |
|  makeClk/clkOut | core/coreArea_timerB/cnt0                    | core/coreArea_timerB/cnt[0]_i_1_n_0                        |                8 |             32 |
|  makeClk/clkOut | core/coreArea_timerA/cnt0                    | core/coreArea_timerA/cnt[0]_i_1__0_n_0                     |                8 |             32 |
|  makeClk/clkOut | core/coreArea_ledArray/ledReg[15]_i_1_n_0    | core/zz_2                                                  |               13 |             32 |
|  makeClk/clkOut |                                              |                                                            |               43 |             86 |
|  makeClk/clkOut |                                              | core/zz_2                                                  |               57 |            116 |
+-----------------+----------------------------------------------+------------------------------------------------------------+------------------+----------------+


